

================================================================
== Vitis HLS Report for 'cnn_accel_Pipeline_VITIS_LOOP_128_1_VITIS_LOOP_129_2_VITIS_LOOP_130_3'
================================================================
* Date:           Thu Jul  2 00:49:42 2026

* Version:        2022.2 (Build 3670227 on Oct 13 2022)
* Project:        hls_minst_cnn
* Solution:       solution1 (Vivado IP Flow Target)
* Product family: zynq
* Target device:  xc7z020-clg400-1


================================================================
== Performance Estimates
================================================================
+ Timing: 
    * Summary: 
    +--------+----------+----------+------------+
    |  Clock |  Target  | Estimated| Uncertainty|
    +--------+----------+----------+------------+
    |ap_clk  |  10.00 ns|  6.982 ns|     2.70 ns|
    +--------+----------+----------+------------+

+ Latency: 
    * Summary: 
    +---------+---------+----------+----------+-----+-----+---------+
    |  Latency (cycles) |  Latency (absolute) |  Interval | Pipeline|
    |   min   |   max   |    min   |    max   | min | max |   Type  |
    +---------+---------+----------+----------+-----+-----+---------+
    |      790|      790|  7.900 us|  7.900 us|  790|  790|       no|
    +---------+---------+----------+----------+-----+-----+---------+

    + Detail: 
        * Instance: 
        N/A

        * Loop: 
        +------------------------------------------------------+---------+---------+----------+-----------+-----------+------+----------+
        |                                                      |  Latency (cycles) | Iteration|  Initiation Interval  | Trip |          |
        |                       Loop Name                      |   min   |   max   |  Latency |  achieved |   target  | Count| Pipelined|
        +------------------------------------------------------+---------+---------+----------+-----------+-----------+------+----------+
        |- VITIS_LOOP_128_1_VITIS_LOOP_129_2_VITIS_LOOP_130_3  |      788|      788|         6|          1|          1|   784|       yes|
        +------------------------------------------------------+---------+---------+----------+-----------+-----------+------+----------+



================================================================
== Utilization Estimates
================================================================
* Summary: 
+-----------------+---------+-----+--------+-------+-----+
|       Name      | BRAM_18K| DSP |   FF   |  LUT  | URAM|
+-----------------+---------+-----+--------+-------+-----+
|DSP              |        -|    1|       -|      -|    -|
|Expression       |        -|    -|       0|    275|    -|
|FIFO             |        -|    -|       -|      -|    -|
|Instance         |        -|    -|       -|      -|    -|
|Memory           |       16|    -|       0|      0|    -|
|Multiplexer      |        -|    -|       -|    117|    -|
|Register         |        -|    -|     194|     32|    -|
+-----------------+---------+-----+--------+-------+-----+
|Total            |       16|    1|     194|    424|    0|
+-----------------+---------+-----+--------+-------+-----+
|Available        |      280|  220|  106400|  53200|    0|
+-----------------+---------+-----+--------+-------+-----+
|Utilization (%)  |        5|   ~0|      ~0|     ~0|    0|
+-----------------+---------+-----+--------+-------+-----+

+ Detail: 
    * Instance: 
    N/A

    * DSP: 
    +---------------------------------+-----------------------------+--------------+
    |             Instance            |            Module           |  Expression  |
    +---------------------------------+-----------------------------+--------------+
    |mac_muladd_8s_8s_25s_25_4_1_U49  |mac_muladd_8s_8s_25s_25_4_1  |  i0 * i1 + i2|
    +---------------------------------+-----------------------------+--------------+

    * Memory: 
    +-----------+----------------------------------------------------------------------------------+---------+---+----+-----+-------+-----+------+-------------+
    |   Memory  |                                      Module                                      | BRAM_18K| FF| LUT| URAM| Words | Bits| Banks| W*Bits*Banks|
    +-----------+----------------------------------------------------------------------------------+---------+---+----+-----+-------+-----+------+-------------+
    |W_FC1_V_U  |cnn_accel_Pipeline_VITIS_LOOP_128_1_VITIS_LOOP_129_2_VITIS_LOOP_130_3_W_FC1_Vcud  |       16|  0|   0|    0|  25088|    8|     1|       200704|
    +-----------+----------------------------------------------------------------------------------+---------+---+----+-----+-------+-----+------+-------------+
    |Total      |                                                                                  |       16|  0|   0|    0|  25088|    8|     1|       200704|
    +-----------+----------------------------------------------------------------------------------+---------+---+----+-----+-------+-----+------+-------------+

    * FIFO: 
    N/A

    * Expression: 
    +--------------------------+----------+----+---+----+------------+------------+
    |       Variable Name      | Operation| DSP| FF| LUT| Bitwidth P0| Bitwidth P1|
    +--------------------------+----------+----+---+----+------------+------------+
    |add_ln128_1_fu_239_p2     |         +|   0|  0|  13|          10|           6|
    |add_ln128_2_fu_209_p2     |         +|   0|  0|  13|          10|           1|
    |add_ln128_fu_233_p2       |         +|   0|  0|  13|           5|           1|
    |add_ln129_1_fu_333_p2     |         +|   0|  0|  13|          10|           3|
    |add_ln129_2_fu_385_p2     |         +|   0|  0|  14|           6|           1|
    |add_ln129_fu_327_p2       |         +|   0|  0|  11|           3|           1|
    |add_ln130_fu_379_p2       |         +|   0|  0|  11|           3|           1|
    |add_ln132_1_fu_462_p2     |         +|   0|  0|  10|          10|          10|
    |add_ln132_fu_365_p2       |         +|   0|  0|  13|          10|          10|
    |add_ln133_fu_487_p2       |         +|   0|  0|  13|          10|           1|
    |add_ln186_fu_477_p2       |         +|   0|  0|  20|          15|          15|
    |sub_ln132_1_fu_454_p2     |         -|   0|  0|  10|          10|          10|
    |sub_ln132_fu_291_p2       |         -|   0|  0|  14|           9|           9|
    |and_ln128_fu_313_p2       |       and|   0|  0|   2|           1|           1|
    |icmp_ln128_fu_203_p2      |      icmp|   0|  0|  11|          10|           9|
    |icmp_ln129_fu_245_p2      |      icmp|   0|  0|  10|           6|           5|
    |icmp_ln130_fu_307_p2      |      icmp|   0|  0|   8|           3|           2|
    |or_ln129_fu_339_p2        |        or|   0|  0|   2|           1|           1|
    |select_ln128_1_fu_259_p3  |    select|   0|  0|   3|           1|           1|
    |select_ln128_2_fu_437_p3  |    select|   0|  0|  10|           1|          10|
    |select_ln128_3_fu_267_p3  |    select|   0|  0|   5|           1|           5|
    |select_ln128_4_fu_319_p3  |    select|   0|  0|  10|           1|          10|
    |select_ln128_fu_251_p3    |    select|   0|  0|  10|           1|          10|
    |select_ln129_1_fu_345_p3  |    select|   0|  0|   3|           1|           1|
    |select_ln129_2_fu_353_p3  |    select|   0|  0|   3|           1|           3|
    |select_ln129_3_fu_371_p3  |    select|   0|  0|  10|           1|          10|
    |select_ln129_4_fu_391_p3  |    select|   0|  0|   6|           1|           1|
    |select_ln129_fu_443_p3    |    select|   0|  0|  10|           1|          10|
    |ap_enable_pp0             |       xor|   0|  0|   2|           1|           2|
    |xor_ln128_fu_301_p2       |       xor|   0|  0|   2|           1|           2|
    +--------------------------+----------+----+---+----+------------+------------+
    |Total                     |          |   0|  0| 275|         144|         152|
    +--------------------------+----------+----+---+----+------------+------------+

    * Multiplexer: 
    +-------------------------------+----+-----------+-----+-----------+
    |              Name             | LUT| Input Size| Bits| Total Bits|
    +-------------------------------+----+-----------+-----+-----------+
    |acc_V_fu_70                    |   9|          2|   25|         50|
    |ap_done_int                    |   9|          2|    1|          2|
    |ap_enable_reg_pp0_iter1        |   9|          2|    1|          2|
    |ap_enable_reg_pp0_iter2        |   9|          2|    1|          2|
    |ap_sig_allocacmp_acc_V_load_2  |   9|          2|   25|         50|
    |c_fu_94                        |   9|          2|    5|         10|
    |idx_1_fu_78                    |   9|          2|   10|         20|
    |idx_fu_86                      |   9|          2|   10|         20|
    |indvar_flatten107_fu_90        |   9|          2|    6|         12|
    |indvar_flatten125_fu_102       |   9|          2|   10|         20|
    |indvars_iv161_fu_98            |   9|          2|   10|         20|
    |x_fu_74                        |   9|          2|    3|          6|
    |y_fu_82                        |   9|          2|    3|          6|
    +-------------------------------+----+-----------+-----+-----------+
    |Total                          | 117|         26|  110|        220|
    +-------------------------------+----+-----------+-----+-----------+

    * Register: 
    +----------------------------------+----+----+-----+-----------+
    |               Name               | FF | LUT| Bits| Const Bits|
    +----------------------------------+----+----+-----+-----------+
    |acc_V_fu_70                       |  25|   0|   25|          0|
    |add_ln128_1_reg_599               |  10|   0|   10|          0|
    |add_ln129_1_reg_614               |  10|   0|   10|          0|
    |add_ln132_reg_624                 |  10|   0|   10|          0|
    |and_ln128_reg_609                 |   1|   0|    1|          0|
    |ap_CS_fsm                         |   1|   0|    1|          0|
    |ap_done_reg                       |   1|   0|    1|          0|
    |ap_enable_reg_pp0_iter1           |   1|   0|    1|          0|
    |ap_enable_reg_pp0_iter2           |   1|   0|    1|          0|
    |ap_enable_reg_pp0_iter3           |   1|   0|    1|          0|
    |ap_enable_reg_pp0_iter4           |   1|   0|    1|          0|
    |ap_enable_reg_pp0_iter5           |   1|   0|    1|          0|
    |ap_enable_reg_pp0_iter6           |   1|   0|    1|          0|
    |ap_loop_exit_ready_pp0_iter2_reg  |   1|   0|    1|          0|
    |ap_loop_exit_ready_pp0_iter3_reg  |   1|   0|    1|          0|
    |ap_loop_exit_ready_pp0_iter4_reg  |   1|   0|    1|          0|
    |ap_loop_exit_ready_pp0_iter5_reg  |   1|   0|    1|          0|
    |c_fu_94                           |   5|   0|    5|          0|
    |icmp_ln128_reg_595                |   1|   0|    1|          0|
    |icmp_ln129_reg_604                |   1|   0|    1|          0|
    |idx_1_fu_78                       |  10|   0|   10|          0|
    |idx_fu_86                         |  10|   0|   10|          0|
    |indvar_flatten107_fu_90           |   6|   0|    6|          0|
    |indvar_flatten125_fu_102          |  10|   0|   10|          0|
    |indvars_iv161_fu_98               |  10|   0|   10|          0|
    |select_ln129_1_reg_619            |   3|   0|    3|          0|
    |x_fu_74                           |   3|   0|    3|          0|
    |y_fu_82                           |   3|   0|    3|          0|
    |icmp_ln128_reg_595                |  64|  32|    1|          0|
    +----------------------------------+----+----+-----+-----------+
    |Total                             | 194|  32|  131|          0|
    +----------------------------------+----+----+-----+-----------+



================================================================
== Interface
================================================================
* Summary: 
+---------------------+-----+-----+------------+-----------------------------------------------------------------------+--------------+
|      RTL Ports      | Dir | Bits|  Protocol  |                             Source Object                             |    C Type    |
+---------------------+-----+-----+------------+-----------------------------------------------------------------------+--------------+
|ap_clk               |   in|    1|  ap_ctrl_hs|  cnn_accel_Pipeline_VITIS_LOOP_128_1_VITIS_LOOP_129_2_VITIS_LOOP_130_3|  return value|
|ap_rst               |   in|    1|  ap_ctrl_hs|  cnn_accel_Pipeline_VITIS_LOOP_128_1_VITIS_LOOP_129_2_VITIS_LOOP_130_3|  return value|
|ap_start             |   in|    1|  ap_ctrl_hs|  cnn_accel_Pipeline_VITIS_LOOP_128_1_VITIS_LOOP_129_2_VITIS_LOOP_130_3|  return value|
|ap_done              |  out|    1|  ap_ctrl_hs|  cnn_accel_Pipeline_VITIS_LOOP_128_1_VITIS_LOOP_129_2_VITIS_LOOP_130_3|  return value|
|ap_idle              |  out|    1|  ap_ctrl_hs|  cnn_accel_Pipeline_VITIS_LOOP_128_1_VITIS_LOOP_129_2_VITIS_LOOP_130_3|  return value|
|ap_ready             |  out|    1|  ap_ctrl_hs|  cnn_accel_Pipeline_VITIS_LOOP_128_1_VITIS_LOOP_129_2_VITIS_LOOP_130_3|  return value|
|sext_ln126           |   in|    9|     ap_none|                                                             sext_ln126|        scalar|
|phi_mul              |   in|   15|     ap_none|                                                                phi_mul|        scalar|
|acc_V_21_out         |  out|   25|      ap_vld|                                                           acc_V_21_out|       pointer|
|acc_V_21_out_ap_vld  |  out|    1|      ap_vld|                                                           acc_V_21_out|       pointer|
|pool2_V_address0     |  out|   10|   ap_memory|                                                                pool2_V|         array|
|pool2_V_ce0          |  out|    1|   ap_memory|                                                                pool2_V|         array|
|pool2_V_q0           |   in|    8|   ap_memory|                                                                pool2_V|         array|
+---------------------+-----+-----+------------+-----------------------------------------------------------------------+--------------+

