

================================================================
== Vitis HLS Report for 'cnn_accel_Pipeline_argmax_loop'
================================================================
* Date:           Thu Jul  2 01:49:13 2026

* Version:        2022.2 (Build 3670227 on Oct 13 2022)
* Project:        hls_minst_cnn
* Solution:       solution3 (Vivado IP Flow Target)
* Product family: zynq
* Target device:  xc7z020-clg400-1


================================================================
== Performance Estimates
================================================================
+ Timing: 
    * Summary: 
    +--------+----------+----------+------------+
    |  Clock |  Target  | Estimated| Uncertainty|
    +--------+----------+----------+------------+
    |ap_clk  |  10.00 ns|  7.081 ns|     2.70 ns|
    +--------+----------+----------+------------+

+ Latency: 
    * Summary: 
    +---------+---------+----------+----------+-----+-----+---------+
    |  Latency (cycles) |  Latency (absolute) |  Interval | Pipeline|
    |   min   |   max   |    min   |    max   | min | max |   Type  |
    +---------+---------+----------+----------+-----+-----+---------+
    |       12|       12|  0.120 us|  0.120 us|   12|   12|       no|
    +---------+---------+----------+----------+-----+-----+---------+

    + Detail: 
        * Instance: 
        N/A

        * Loop: 
        +---------------+---------+---------+----------+-----------+-----------+------+----------+
        |               |  Latency (cycles) | Iteration|  Initiation Interval  | Trip |          |
        |   Loop Name   |   min   |   max   |  Latency |  achieved |   target  | Count| Pipelined|
        +---------------+---------+---------+----------+-----------+-----------+------+----------+
        |- argmax_loop  |       10|       10|         3|          1|          1|     9|       yes|
        +---------------+---------+---------+----------+-----------+-----------+------+----------+



================================================================
== Utilization Estimates
================================================================
* Summary: 
+-----------------+---------+-----+--------+-------+-----+
|       Name      | BRAM_18K| DSP |   FF   |  LUT  | URAM|
+-----------------+---------+-----+--------+-------+-----+
|DSP              |        -|    -|       -|      -|    -|
|Expression       |        -|    -|       0|     78|    -|
|FIFO             |        -|    -|       -|      -|    -|
|Instance         |        -|    -|       -|      -|    -|
|Memory           |        -|    -|       -|      -|    -|
|Multiplexer      |        -|    -|       -|     54|    -|
|Register         |        -|    -|      55|      -|    -|
+-----------------+---------+-----+--------+-------+-----+
|Total            |        0|    0|      55|    132|    0|
+-----------------+---------+-----+--------+-------+-----+
|Available        |      280|  220|  106400|  53200|    0|
+-----------------+---------+-----+--------+-------+-----+
|Utilization (%)  |        0|    0|      ~0|     ~0|    0|
+-----------------+---------+-----+--------+-------+-----+

+ Detail: 
    * Instance: 
    N/A

    * DSP: 
    N/A

    * Memory: 
    N/A

    * FIFO: 
    N/A

    * Expression: 
    +--------------------------+----------+----+---+----+------------+------------+
    |       Variable Name      | Operation| DSP| FF| LUT| Bitwidth P0| Bitwidth P1|
    +--------------------------+----------+----+---+----+------------+------------+
    |o_2_fu_105_p2             |         +|   0|  0|  13|           4|           1|
    |icmp_ln1035_fu_123_p2     |      icmp|   0|  0|  18|          32|          32|
    |icmp_ln204_fu_94_p2       |      icmp|   0|  0|   9|           4|           4|
    |best_label_V_1_fu_145_p3  |    select|   0|  0|   4|           1|           4|
    |best_score_V_1_fu_129_p3  |    select|   0|  0|  32|           1|          32|
    |ap_enable_pp0             |       xor|   0|  0|   2|           1|           2|
    +--------------------------+----------+----+---+----+------------+------------+
    |Total                     |          |   0|  0|  78|          43|          75|
    +--------------------------+----------+----+---+----+------------+------------+

    * Multiplexer: 
    +-------------------------+----+-----------+-----+-----------+
    |           Name          | LUT| Input Size| Bits| Total Bits|
    +-------------------------+----+-----------+-----+-----------+
    |ap_done_int              |   9|          2|    1|          2|
    |ap_enable_reg_pp0_iter1  |   9|          2|    1|          2|
    |ap_sig_allocacmp_o       |   9|          2|    4|          8|
    |best_label_V_fu_34       |   9|          2|    4|          8|
    |best_score_V_fu_38       |   9|          2|   32|         64|
    |o_1_fu_42                |   9|          2|    4|          8|
    +-------------------------+----+-----------+-----+-----------+
    |Total                    |  54|         12|   46|         92|
    +-------------------------+----+-----------+-----+-----------+

    * Register: 
    +----------------------------------+----+----+-----+-----------+
    |               Name               | FF | LUT| Bits| Const Bits|
    +----------------------------------+----+----+-----+-----------+
    |ap_CS_fsm                         |   1|   0|    1|          0|
    |ap_done_reg                       |   1|   0|    1|          0|
    |ap_enable_reg_pp0_iter1           |   1|   0|    1|          0|
    |ap_enable_reg_pp0_iter2           |   1|   0|    1|          0|
    |ap_loop_exit_ready_pp0_iter1_reg  |   1|   0|    1|          0|
    |best_label_V_fu_34                |   4|   0|    4|          0|
    |best_score_V_fu_38                |  32|   0|   32|          0|
    |icmp_ln1035_reg_196               |   1|   0|    1|          0|
    |icmp_ln204_reg_187                |   1|   0|    1|          0|
    |o_1_fu_42                         |   4|   0|    4|          0|
    |o_reg_182                         |   4|   0|    4|          0|
    |o_reg_182_pp0_iter1_reg           |   4|   0|    4|          0|
    +----------------------------------+----+----+-----+-----------+
    |Total                             |  55|   0|   55|          0|
    +----------------------------------+----+----+-----+-----------+



================================================================
== Interface
================================================================
* Summary: 
+-------------------------+-----+-----+------------+--------------------------------+--------------+
|        RTL Ports        | Dir | Bits|  Protocol  |          Source Object         |    C Type    |
+-------------------------+-----+-----+------------+--------------------------------+--------------+
|ap_clk                   |   in|    1|  ap_ctrl_hs|  cnn_accel_Pipeline_argmax_loop|  return value|
|ap_rst                   |   in|    1|  ap_ctrl_hs|  cnn_accel_Pipeline_argmax_loop|  return value|
|ap_start                 |   in|    1|  ap_ctrl_hs|  cnn_accel_Pipeline_argmax_loop|  return value|
|ap_done                  |  out|    1|  ap_ctrl_hs|  cnn_accel_Pipeline_argmax_loop|  return value|
|ap_idle                  |  out|    1|  ap_ctrl_hs|  cnn_accel_Pipeline_argmax_loop|  return value|
|ap_ready                 |  out|    1|  ap_ctrl_hs|  cnn_accel_Pipeline_argmax_loop|  return value|
|sext_ln200               |   in|   20|     ap_none|                      sext_ln200|        scalar|
|best_label_V_out         |  out|    4|      ap_vld|                best_label_V_out|       pointer|
|best_label_V_out_ap_vld  |  out|    1|      ap_vld|                best_label_V_out|       pointer|
|logits_V_address0        |  out|    4|   ap_memory|                        logits_V|         array|
|logits_V_ce0             |  out|    1|   ap_memory|                        logits_V|         array|
|logits_V_q0              |   in|   20|   ap_memory|                        logits_V|         array|
+-------------------------+-----+-----+------------+--------------------------------+--------------+

